Token: BOOL	Line: 1	Column: 1	Value: null
Token: ID	Line: 1	Column: 6	Value: val1
Token: ASSIGN	Line: 1	Column: 11	Value: null
Token: TRUE	Line: 1	Column: 13	Value: null
Token: SEMICOL	Line: 1	Column: 17	Value: null
Token: BOOL	Line: 2	Column: 1	Value: null
Token: ID	Line: 2	Column: 6	Value: val2
Token: ASSIGN	Line: 2	Column: 11	Value: null
Token: FALSE	Line: 2	Column: 13	Value: null
Token: SEMICOL	Line: 2	Column: 18	Value: null
Token: BOOL	Line: 3	Column: 1	Value: null
Token: ID	Line: 3	Column: 6	Value: val3
Token: ASSIGN	Line: 3	Column: 11	Value: null
Token: FALSE	Line: 3	Column: 13	Value: null
Token: SEMICOL	Line: 3	Column: 18	Value: null
Token: BOOL	Line: 5	Column: 1	Value: null
Token: ID	Line: 5	Column: 6	Value: result
Token: ASSIGN	Line: 5	Column: 13	Value: null
Token: ID	Line: 5	Column: 15	Value: val1
Token: OR	Line: 5	Column: 20	Value: null
Token: ID	Line: 5	Column: 23	Value: val2
Token: AND	Line: 5	Column: 28	Value: null
Token: NOT	Line: 5	Column: 31	Value: null
Token: ID	Line: 5	Column: 32	Value: val3
Token: SEMICOL	Line: 5	Column: 36	Value: null
