Token: TEXT	Line: 1	Column: 1	Value: null
Token: ID	Line: 1	Column: 6	Value: data
Token: READ	Line: 1	Column: 11	Value: null
Token: ID	Line: 1	Column: 14	Value: args
Token: OPSQUARE	Line: 1	Column: 18	Value: null
Token: NUM	Line: 1	Column: 19	Value: 0
Token: CLSQUARE	Line: 1	Column: 20	Value: null
Token: SEMICOL	Line: 1	Column: 21	Value: null
Token: LIST	Line: 2	Column: 1	Value: null
Token: LT	Line: 2	Column: 5	Value: null
Token: TEXT	Line: 2	Column: 6	Value: null
Token: GT	Line: 2	Column: 10	Value: null
Token: ID	Line: 2	Column: 12	Value: lines
Token: ASSIGN	Line: 2	Column: 18	Value: null
Token: ID	Line: 2	Column: 20	Value: data
Token: DIVIDE	Line: 2	Column: 25	Value: null
Token: STRING	Line: 2	Column: 27	Value: "\n"
Token: SEMICOL	Line: 2	Column: 31	Value: null
Token: PRINT	Line: 3	Column: 1	Value: null
Token: ID	Line: 3	Column: 7	Value: length
Token: OPPAREN	Line: 3	Column: 13	Value: null
Token: ID	Line: 3	Column: 14	Value: lines
Token: CLPAREN	Line: 3	Column: 19	Value: null
Token: SEMICOL	Line: 3	Column: 20	Value: null
