Token: FUNC	Line: 1	Column: 1	Value: null
Token: NUMTYPE	Line: 1	Column: 6	Value: null
Token: ID	Line: 1	Column: 10	Value: sum
Token: OPPAREN	Line: 1	Column: 13	Value: null
Token: LIST	Line: 1	Column: 14	Value: null
Token: LT	Line: 1	Column: 18	Value: null
Token: NUMTYPE	Line: 1	Column: 19	Value: null
Token: GT	Line: 1	Column: 22	Value: null
Token: ID	Line: 1	Column: 24	Value: nums
Token: CLPAREN	Line: 1	Column: 28	Value: null
Token: OPCURLY	Line: 2	Column: 1	Value: null
Token: NUMTYPE	Line: 3	Column: 3	Value: null
Token: ID	Line: 3	Column: 7	Value: result
Token: ASSIGN	Line: 3	Column: 14	Value: null
Token: NUM	Line: 3	Column: 16	Value: 0
Token: SEMICOL	Line: 3	Column: 17	Value: null
Token: FOR	Line: 4	Column: 3	Value: null
Token: OPPAREN	Line: 4	Column: 7	Value: null
Token: NUMTYPE	Line: 4	Column: 8	Value: null
Token: ID	Line: 4	Column: 12	Value: n
Token: COLON	Line: 4	Column: 14	Value: null
Token: ID	Line: 4	Column: 16	Value: nums
Token: CLPAREN	Line: 4	Column: 20	Value: null
Token: OPCURLY	Line: 5	Column: 3	Value: null
Token: ID	Line: 6	Column: 5	Value: result
Token: ASSIGN	Line: 6	Column: 12	Value: null
Token: ID	Line: 6	Column: 14	Value: result
Token: PLUS	Line: 6	Column: 21	Value: null
Token: ID	Line: 6	Column: 23	Value: n
Token: SEMICOL	Line: 6	Column: 24	Value: null
Token: CLCURLY	Line: 7	Column: 3	Value: null
Token: RETURN	Line: 8	Column: 3	Value: null
Token: ID	Line: 8	Column: 10	Value: result
Token: SEMICOL	Line: 8	Column: 16	Value: null
Token: CLCURLY	Line: 9	Column: 1	Value: null
